Read	.target.size "/etc/sysconfig/language" 1
Return	["Primary Language: English (US)", "Additional Languages: German"]
Return	["Primary Language: English (US)"]
