Read	.target.size "/etc/sysconfig/language" 1
Return	en_US.UTF-8
Return	nil
Return	de_DE.UTF-8
Return	nil
Return	de_DE@euro
