Read	.target.yast2 "keyboard_raw.ycp" $["czech-qwerty":["Czech (qwerty)", $["i386":$["pc104":$["compose":"latin2", "ncurses":"cz-lat2-us.map.gz"]]]]]
Read	.target.size "/usr/X11R6/bin/xkbctrl" 1
Execute	.target.bash "/usr/X11R6/bin/xkbctrl cz-lat2-us.map.gz > /tmp/xkbctrl.out" 0
Read	.target.ycp "/tmp/xkbctrl.out" $[]
Dump	-----------------------------------
Read	.target.yast2 "keyboard_raw.ycp" $["czech-qwerty":["Czech (qwerty)", $["i386":$["pc104":$["compose":"latin2", "ncurses":"cz-lat2-us.map.gz"]]]]]
Read	.target.size "/usr/X11R6/bin/xkbctrl" []
Execute	.target.bash "/usr/X11R6/bin/xkbctrl cz-lat2-us.map.gz > /tmp/xkbctrl.out" 0
Read	.target.ycp "/tmp/xkbctrl.out" $["XkbLayout":"cz_qwerty,us"]
Execute	.target.bash "/bin/loadkeys cz-lat2-us.map.gz ; dumpkeys | loadkeys -u" 0
Read	.target.yast2 "keyboard_raw.ycp" $["czech-qwerty":["Czech (qwerty)", $["i386":$["pc104":$["compose":"latin2", "ncurses":"cz-lat2-us.map.gz"]]]]]
Read	.target.size "/usr/X11R6/bin/xkbctrl" []
Execute	.target.bash "/usr/X11R6/bin/xkbctrl cz-lat2-us.map.gz > /tmp/xkbctrl.out" 0
Read	.target.ycp "/tmp/xkbctrl.out" $["XkbLayout":"cz_qwerty,us"]
Return	Czech (qwerty)
