Return	US/Pacific
Return	Australia/South
Return	Australia/South
