Execute	.target.bash_output "TZ=Europe/Prague /bin/date \"+%c\" \"--date=now 0sec\"" $["stdout":"00:00:00 - 01-01-0001"]
Return	00:00:00 - 01-01-0001
Execute	.target.bash_output "TZ=Europe/Prague /bin/date \"+%H:%M:%S - %d-%m-%Y\" \"--date=now 0sec\"" $["stdout":"00:00:00 - 01-01-0001"]
Return	00:00:00 - 01-01-0001
Execute	.target.bash_output "/bin/date \"+%H:%M:%S - %d-%m-%Y\" \"--date=now 0sec\"" $["stdout":"00:00:00 - 01-01-0001"]
Return	00:00:00 - 01-01-0001
Execute	.target.bash_output "date +%z" $["stdout":"00:00:00 - 01-01-0001"]
Execute	.target.bash_output "TZ=Europe/Prague /bin/date \"+%H:%M:%S - %d-%m-%Y\" \"--date=now 0sec\"" $["stdout":"00:00:00 - 01-01-0001"]
Return	00:00:00 - 01-01-0001
